[    0.00000] Initialiing cgroup subsys cpuset
[    0.000000] Initializing cgroup subsys cpu
[    0.000000] nitializing cgroup subsys cpuacct
[    0.000000] Linux version 4.4.0-137-generic (buildd@lgw01-amd64-037) (gcc version 5.4.0 20160609 (Ubuntu 5.4.0-6ubuntu1~16.04.10) ) #163-Ubuntu SMP Mon Sep 24 13:14:43 UTC 2018 (Ubuntu 4.4.0-137.163-generic 4.4.144)
[    0.000000] Command line: BOOT_IMAGE=/boot/vmlinuz-4.4.0-137-generic root=LABEL=cloudimg-rootfs ro console=tty1 console=ttyS0
[    0.000000] KERNEL supported cpus:
[    0.000000]   Intel GenuineIntel
[    0.000000]   AMD AuthenticAMD
[    0.000000]   Centaur CentarHauls
[    0.00000] x86/fpu: xstate_offset[2]:  56, xstate_szes[2]  256
[    0.000000] x86/fpu: Supporting XSAVE feature 0x01: 'x87 floating point registers'
[    0.000000] x86/fpu: Supporting XSAVE feature 0x02: 'SSE reggisters'
[    0.000000] x86/fpu: Supporting XSAV feature 0x04: 'AVXregisters'
[    .000000] x86/pu: Eabled xtate features 0x7, context size is 832 bytes, using 'standard' format.
[    0.000000] e820: BIOS-provided physical RAM map:
[    0.000000] BIOS-e820: [mem 0x0000000000000000-0x00000000000fbff] usable
[    0.000000] BIOS-e820: [mem 0x000000000009fc00-0x000000000009ffff] reserved
[    0.000000] BIOS-e20: [mem 0x00000000000f0000-0x00000000000fffff] reserved
[    0.000000] BIOS-e20: [mem 0x00000000001000000-0000000003ffeffff] usable
[    0.000000 BIOS-e820: [mem 0x000000003fff0000-0x000000003fffffff] ACPI data
[    0.000000] BIOS-e820: [mem 0x00000000fec00000-0x00000000fec00fff] reserved
[   0.000000] BIOS-e820: [mem 0x00000000fee00000-0x00000000fee00fff] reserved
[    0.000000] BIOS-e820: [mem 0x00000000fffc0000-0x00000000ffffffff] reserved
[    0.000000] NX (Execute Disable) protection: active
[    0.000000] SMBIOS 2.5 present.
[    0.000000] Hypervisor detected: KVM
[    0.000000] e820: last_pfn = 0x3fff0 max_arch_pfn = 0x400000000
[    0.000000] MTRR: Disabled
[   0.000000] x86/PAT: MTRRs disabled, skipping PAT initialization too.
[    0.000000] CPU MTRRs all blank - virtualized system.
[    0.000000] x86/PAT: Configuration[0-7]: WB WT  UC- UC  WB  WT  UC- UC  
[    0.00000] found SMP MP-table at [mem 0x0009fff0-0x0009ffff] mapped at [ffff88000009fff0]
[    0.00000] Scaning 1 area for low memory corruption
[    0.000000] RAMDISK: [mem 0x3630e000-0x3717efff]
[    0.000000] ACPI: Early table checksum verification disabled
[    0.000000] ACPI: RSDP 0x00000000000E000 000024 (v02 VBOX  )
[    0.000000] ACPI: XSDT 0x000000003FFF0030 00003C (v01 VBOX   VBOXXSDT 00000001 ASL  00000061)
[    .000000] ACPI: FACP 0x000000003FFF00F0 0000F4 (v04 VBOX   VBOXFACP 00000001 ASL  00000061)
[    0.000000] ACPI: DSDT 0x000000003FFF0470 0021FF (v02 VBOX   VBOXBIOS 0000002 INTL 20100528)
[    0.000000] ACPI: FACS x000000003FFF0200 000040
[    0.000000] ACPI: FACS 0x000000003FFF0200 000040
[    0.000000] ACPI: APIC 0x000000003FFF0240 00005C (v02 VBOX   VBOXAPIC 00000001 ASL  000061)
    0.000000] ACPI: SSDT 0x000000003FFF02A0 0001CC (v01 VBOX   VBOXCPUT 00000002 INTL 20100528)
[   0.00000] No NUMA configuration found
[    0.000000] Faking a node at [mem 00000000000000000-0x000000003ffeffff]
[    0.00000] NODE_DATA(0) allocated [mem 0x3ffeb000-0x3ffeffff][    0.00000] kvm-clock: Using msrs 4b564d01 and 4b564d00
[    0.000000] kvm-clock: cpu 0, msr0:3ffe3001, primary cpu clock
[    0.000000] kvm-clock: using sched offset of 6859571820 cycles
[    .000000] clocksource: kvm-cock: mask: 0xffffffffffffffff max_ycles: 0x1cd42e4dffb, max_le_ns: 881590591483 ns
[    0.000000] Zone ranges:
[    0.000000]  DMA      [mem 0x0000000000001000-0x0000000000ffffff]
[    0.000000]   DMA32    [mem 0x0000000001000000-0x000000003ffeffff]
[    0.000000]   Normal    empty[    0.00000]   Device   empty
[   0.000000] Movable zone start for each node
[    .000000] Early memory node ranges
[    0.000000]   node   0: [mem 0x0000000000001000-0x000000000009efff]
[    0.000000]  nnode   0: [mem 0x0000000000100000-0x000000003ffeffff]
[    0.000000] Initmem setup node 0 [mem 0x0000000000001000-0x000000003ffeffff]
[    0.000000] ACPI: PM-Timer IO Port: 0x4008
[    0.000000] IOAPIC[0]: apic_id 2, version 32, address 0xfec00000, GSI 0-23
[    0.000000] ACPI: INT_SRC_OVR (bus 0 bus_irq 0 global_irq 2 dfldfl)
[    0.000000] ACPI: INT_SRC_OVR (bus 0 bus_irq 9 global_irq 9 low level)[    0.000000] Usig ACPI (MADT) for SM confguratioon information
[    0.000000] smpboot: Allowing 2 CPUs, 0 hotplug CPUs
[    0.000000] PM: Registered nosave memory: [mem 0x00000000-0x00000fff]
[    0.000000] PM: Registerd nosave memory: [mem 0x0009f000-0x0009ffff]
[    0.000000] PM: Registerd nosave memory: [mem 0x000a0000-0x000effff]
[    0.000000] PM: Registered nosave memory: [mem 0x000f0000-0x000fffff]
[    0.00000] e82: [mem0x40000000-0xfebfffff] available for PCI devices
[    0.000000] Booting paravirtualized kernel on KVM
[    0.000000] clocksource: refined-jiffies: sk: 0xffffffff max_cycles: 0xffffffff, max_idle_ns: 765519600211568 ns
[    0.00000] setup_percpu: NR_CPUS:512 nr_cpumask_bits:512 nr_cpu_ids:2 nr_node_ids:1
[    0.000000] PERCPU: Embedded 34 pages/cpu @ffff88003fc00000 s99608 r8192 d31464 u1048576
[   0.000000] PV qspinlock hash table entries: 256 (order: 0, 4096 bytes)
[    0.000000] Built 1 zonelists in Node order, mobility grouping on.  Total pages: 257912
[    0.00000] Policy zone: DMA32
[    0.000000] Kernel command line: BOOT_IMAGE=/boot/vmlinz-4.4.0-137-generic root=LABEL=cloudimg-rootfs ro console=tty1 console=ttyS0
[    0.000000] PID hash table entries: 4096 (order: 3, 32768 bytes)
[    0.000000] Memory: 997716K/1048120K available (8555K kernel code, 1314K rwdata, 4004K rodata, 1528K init, 16K bss, 50404 reserved, 0K cma-reserved)
[    0.000000] SLUB: HWalign=64, Order=0-3, MinObjects=0, CPUs=2, Nodes=1
[    0.000000] Kernel/User page tables isolation: enabled
[    0.000000] Hierarchical RCU implementation.
[    0.000000] 	uild-time adjustment of leaf fanout to 64.
[    0.000000] 	RCU restricting CPUs from NR_CPUS=512 to nr_cpu_ids=2.
[    0.000000] RCU: Adjusting geometry for rcu_fanout_leaf=64, nr_cpu_ids=2
[    0.000000] NR_IRQS:33024 nr_irqs:40 16
[    0.000000] Console colour VGA+ 80x25
[    0.000000] console [tty1] enabled
[    0.000000] console [ttyS0] enabled
[    0.000000] tsc: Detected 1599.999 MHz processor
[    1.928433] Calibrating delay loop (skipped) preset value.. 3199.99 BogoMIPS (lpj=6399996)
[    1.941631] pid_max: default: 32768 minimum: 301
[    1.945227] ACPI: Core revision 20150930
[    1.950451] ACPI: 2 ACPI AML tables successfully acquired and loaded
[    1.958924] Security Framework initialized
[    1.961814] Yama: becoming mindful.
[    1.977190] AppArmor: AppArmor initialized
[    1.981393] Dentry cache hash table entries: 131072 (order: 8, 1048576 bytes)
[    1.989104] Inode-cache hash table entries: 65536 (order: 7, 524288 bytes)
[    2.010404] Mount-cache hash table entries: 2048 (order: 2, 16384 bytes)
[    2.026081] Mountpoint-cache hash table entries: 2048 (order: 2, 16384 bytes)
[    2.034926] Initializing cgroup subsys io
[    2.036632] Initializing cgroup subsys memory
[    2.039644] Initializing cgroup subsys devices
[    2.045223] Initializing cgroup subsys freezer
[    2.048798] Initializing cgroup subsys net_cls
[    2.050592] Initializing cgroup subsys perf_event
[    2.056735] Initializing cgroup subsys net_prio
[    2.069380] Initializing cgroup subsys hugetlb
[    2.071156] Initializing cgroup subsys pids
[    2.078443] mce: CPU supports 0 MCE banks
[    2.082505] Last level iTLB entries: 4KB 64, 2MB 8, 4MB 8
[    2.093074] Last level dTLB entries: 4KB 64, 2MB 0, 4MB 0, 1GB 4
[    2.102546] Spectre V2 : Mitigation: Full generic retpoline
[    2.106026] Spectre V2 : Spectre v2 mitigation: Speculation control IBPB not-supported IBRS not-supported
[    2.117817] Spectre V2 : Spectre v2 / SpectreRSB mitigation: Filling RSB on context switch
[    2.122787] Speculative Store Bypass: Vulnerable
[    2.131497] Freeing SMP alternatives memory: 32K
[    2.146459] ftrace: allocating 32265 entries in 127 pages
[    2.224003] smpboot: APIC(0) Converting physical 0 to logical package 0
[    2.230974] smpboot: Max logical packages: 1
[    2.245820] x2apic enabled
[    2.247253] Switched APIC routing to physical x2apic.
[    2.251943] ..TIMER: vector=0x30 apic1=0 pin1=2 apic2=-1 pin2=-1
[    2.368424] smpboot: CPU0: Intel(R) Core(TM) i5-5250U CPU @ 1.60GHz (family: 0x6, model: 0x3d, stepping: 0x4)
[    2.381294] Performance Events: unsupported p6 CPU model 61 no PMU driver, software events only.
[    2.393641] KVM setup paravirtual spinlock
[    2.399652] x86: Booting SMP configuration:
[    2.408961] .... node  #0, CPUs:      #1
[    2.410788] kvm-clock: cpu 1, msr 0:3ffe3041, secondary cpu clock
[    2.414074] mce: CPU supports 0 MCE banks
[    2.425368] x86: Booted up 1 node, 2 CPUs
[    2.429269] smpboot: Total of 2 processors activated (6399.99 BogoMIPS)
[    2.439251] devtmpfs: initialized
[    2.442726] evm: security.selinux
[    2.444273] evm: security.SMACK64
[    2.445736] evm: security.SMACK64EXEC
[    2.447681] evm: security.SMACK64TRANSMUTE
[    2.450761] evm: security.SMACK64MMAP
[    2.452603] evm: security.ima
[    2.454162] evm: security.capability
[    2.456109] clocksource: jiffies: mask: 0xffffffff max_cycles: 0xffffffff, max_idle_ns: 7645041785100000 ns
[    2.460599] futex hash table entries: 512 (order: 3, 32768 bytes)
[    2.463404] pinctrl core: initialized pinctrl subsystem
[    2.471344] RTC time:  9:32:53, date: 10/19/18
[    2.473951] NET: Registered protocol family 16
[    2.488042] cpuidle: using governor ladder
[    2.504248] cpuidle: using governor menu
[    2.507293] PCCT header not found.
[    2.510402] ACPI: bus type PCI registered
[    2.513407] acpiphp: ACPI Hot Plug PCI Controller Driver version: 0.5
[    2.526169] PCI: Using configuration type 1 for base access
[    2.544877] ACPI: Added _OSI(Module Device)
[    2.553421] ACPI: Added _OSI(Processor Device)
[    2.558088] ACPI: Added _OSI(3.0 _SCP Extensions)
[    2.563108] ACPI: Added _OSI(Processor Aggregator Device)
[    2.571167] ACPI: Executed 1 blocks of module-level executable AML code
[    2.577563] ACPI: Interpreter enabled
[    2.579243] ACPI: (supports S0 S5)
[    2.585128] ACPI: Using IOAPIC for interrupt routing
[    2.587642] PCI: Using host bridge windows from ACPI; if necessary, use "pci=nocrs" and report a bug
[    2.599995] ACPI: PCI Root Bridge [PCI0] (domain 0000 [bus 00-ff])
[    2.613559] acpi PNP0A03:00: _OSC: OS supports [ASPM ClockPM Segments MSI]
[    2.617879] acpi PNP0A03:00: _OSC: not requesting OS control; OS requires [ExtendedConfig ASPM ClockPM MSI]
[    2.621519] acpi PNP0A03:00: fail to add MMCONFIG information, can't access extended PCI configuration space under this bridge.
[    2.628955] PCI host bridge to bus 0000:00
[    2.630706] pci_bus 0000:00: root bus resource [io  0x0000-0x0cf7 window]
[    2.638694] pci_bus 0000:00: root bus resource [io  0x0d00-0xffff window]
[    2.641155] pci_bus 0000:00: root bus resource [mem 0x000a0000-0x000bffff window]
[    2.649776] pci_bus 0000:00: root bus resource [mem 0x40000000-0xfdffffff window]
[    2.654008] pci_bus 0000:00: root bus resource [bus 00-ff]
[    2.659751] pci 0000:00:01.1: legacy IDE quirk: reg 0x10: [io  0x01f0-0x01f7]
[    2.673872] pci 0000:00:01.1: legacy IDE quirk: reg 0x14: [io  0x03f6]
[    2.676360] pci 0000:00:01.1: legacy IDE quirk: reg 0x18: [io  0x0170-0x0177]
[    2.679579] pci 0000:00:01.1: legacy IDE quirk: reg 0x1c: [io  0x0376]
[    2.725471] pci 0000:00:07.0: quirk: [io  0x4000-0x403f] claimed by PIIX4 ACPI
[    2.729595] pci 0000:00:07.0: quirk: [io  0x4100-0x410f] claimed by PIIX4 SMB
[    2.752451] ACPI: PCI Interrupt Link [LNKA] (IRQs 5 9 10 *11)
[    2.758994] ACPI: PCI Interrupt Link [LNKB] (IRQs 5 9 *10 11)
[    2.762321] ACPI: PCI Interrupt Link [LNKC] (IRQs 5 *9 10 11)
[    2.769070] ACPI: PCI Interrupt Link [LNKD] (IRQs 5 9 10 *11)
[    2.778186] ACPI: Enabled 2 GPEs in block 00 to 07
[    2.784832] vgaarb: setting as boot device: PCI:0000:00:02.0
[    2.791249] vgaarb: device added: PCI:0000:00:02.0,decodes=io+mem,owns=io+mem,locks=none
[    2.796566] vgaarb: loaded
[    2.800987] vgaarb: bridge control possible 0000:00:02.0
[    2.804412] SCSI subsystem initialized
[    2.806253] ACPI: bus type USB registered
[    2.815690] usbcore: registered new interface driver usbfs
[    2.820327] usbcore: registered new interface driver hub
[    2.824225] usbcore: registered new device driver usb
[    2.828848] PCI: Using ACPI for IRQ routing
[    2.835563] NetLabel: Initializing
[    2.837009] NetLabel:  domain hash size = 128
[    2.844155] NetLabel:  protocols = UNLABELED CIPSOv4
[    2.849555] NetLabel:  unlabeled traffic allowed by default
[    2.856769] amd_nb: Cannot enumerate AMD northbridges
[    2.861188] clocksource: Switched to clocksource kvm-clock
[    2.877588] AppArmor: AppArmor Filesystem Enabled
[    2.879932] pnp: nP API ini
[    2.958811] pnp: PnP ACPI: found 3 devices

[    2.974189] clocksource: acpi_pm: mask: 0xffffff max_cycles: 0xffffff, max_idle_ns: 2085701024 ns
[    2.977712] NET: Registered protocol famil 2

[    3.004956] TCP established hash table entries: 8192 (order 4, 65536 bytes)
[    3.034744] TCP ind hash table entries: 8192 (order: 5, 131072 bytes)
[    3.062012] TCP: Hash tables configured (established 8192 bind 8192)
[   3.064459] UDP hash tble entries: 512 (order: 2, 16384 bytes)
[    3.133663] UDP-Lite hash tabe entries: 52 (order: 2, 16384 bytes)
[    3.186496] NET: Registered protocol family 1
[    3.18828] pci 0000:00:00.0: Limiting direct PCI/PCI transfers
[    3.216437] pci 0000:00:01.0: Activating ISA DMA hang workarounds
[    3.219489] Unpacking initramfs...
[    3.489707] Freeing initrd memory: 14788K
[    3.498359] RAPL PMU detected, API unit is 2^-32 Joules, 4 fixed counters 10737418240 ms ovfl timer
[    3.503921] hw unit of domain pp0-core 2^-0 Joules
[    3.507941] hw unit of domain package 2^-0 Joules
[    3.511201] hw unit of domain dram 2^-0 Joules
[    3.514808] hw unit of domain pp1-gpu 2^-0 Joules
[    3.519118] platform rtc_cmos: registered platform RTC device (no PNP device found)
[    3.528866] Scanning for low memory corruption every 60 seconds
[    3.533443] audit: initializing netlink subsys (disabled)
[    3.535556] audit: type=2000 audit(1539941580.661:1): initialized
[    3.540489] Initialise system trusted keyring
[    3.54260] HueTLB registered 2 MB page size, pre-allocated 0 pages

[    3.601233] zbud: loaded
[    3.610171] VFS: Disk quotas dquot_6.6.0
[    3.613020] VFS: Dquot-cache hash table entries: 512 (order 0, 4096 bytes)
[    3.616145] squashfs: version 4.0 (2009/01/31) Phillip Lougher
[    3.643684] fuse init (API version 7.23)
[    3.646597] Key type big_key registered
[    3.655202] Allocating IMA MOK and blacklist keyrings.
[    3.662624] Key type asymmetric registered
[    3.665980] Asymmetric key parser 'x509' registered
[    3.675530] Block layer SCSI generic (bsg) driver version 0.4 loaded (major 249)
[    3.692817] io scheduler noop registered
[    3.704020] io scheduler deadline registered (default)
[    3.709582] io scheduler cfq registered
[    37126] pci_hotplug: PCI Hot Plug PCI Core version: 0.5
[    3.803619] pcehp: PCI xpress Hot Plug Controller Drver version: 0.4
[   .881702] ACPI: AC Adapter [AC] (off-line)

[    3.933689] input: Power Button as /devices/LNXSYSTM:00/LNXPWRBN:00/input/input0
[    3.936736] ACPI: Power Button [PWRF]
[    3.948536] input: Sleep Button as /devices/LNXSYSTM:00/LNXSLPBN:00/input/input1
[    3.951763] ACPI: Sleep Button [SLPF]

[    3.979824] GHES: HEST is not enabled!
[    3.981383] ACPI: Battery Slot [BAT0] (battery present)
[    3.984617] Serial: 8250/16550 driver, 32 ports, IRQ sharing enabled
[    4.025640] 00:02: ttyS0 at I/O 0x3f8 (irq = 4, base_baud = 115200) is a 16550A
[    4.031078] Linux agpgart interface v0.103
[    4.038063] loop: module loaded
[    4.040352] scsi host0: ata_piix
[    4.042100] scsi host1: ata_piix
[    4.058660] ata1: PATA max UDMA/33 cmd 0x1f0 ctl 0x3f6 bmdma 0xd000 irq 14
[    4.063296] ata2: PATA max UDMA/33 cmd 0x170 ctl 0x376 bmdma 0xd008 irq 15
[    4.069125] libphy: Fixed MDIO Bus: probed
[    4.070883] tun: Universal TUN/TAP device driver, 1.6
[    4.076406] tun: (C) 1999-2004 Max Krasnyansky <maxk@qualcomm.com>
[    4.078851] PPP generic driver version 2.4.2
[    4.080693] ehci_hcd: USB 2.0 'Enhanced' Host Controller (EHCI) Driver
[    4.088738] ehci-pci: EHCI PCI platform driver
[    4.090926] ehci-platform: EHCI generic platform driver
[    4.098031] ohci_hcd: USB 1.1 'Open' Host Controller (OHCI) Driver
[    4.108663] ohci-pci: OHCI PCI platform driver
[    4.121155] ohci-platform: OHCI generic platform driver
[    4.129292] uhci_hcd: USB Universal Host Controller Interface driver
[    4.135826] i8042: PNP: PS/2 Controller [PNP0303:PS2K,PNP0f03:PS2M] at 0x60,0x64 irq 1,12
[    4.145406] serio: i8042 KBD port at 0x60,0x64 irq 1
[    4.167339] serio: i8042 AUX port at 0x60,0x64 irq 12
[    4.173841] mousedev: PS/2 mouse device common for all mice
[    4.179972] rtc_cmos rtc_cmos: rtc core: registered rtc_cmos as rtc0
[    4.182526] rtc_cmos rtc_cmos: alarms up to one day, 114 bytes nvram
[    4.190523] i2c /dev entries driver
[    4.191925] input: AT Translated Set 2 keyboard as /devices/platform/i8042/serio0/input/input2
[    4.196747] device-mapp: uevent: version 1.0.

[    4.275840] device-mapper: ioctl: 4.34.0-ioctl (2015-10-28) initialised: dm-devel@redhat.com
[    4.284953] ledtrig-cpu: registered to indicate activity on CPUs
[    4.288646] NET: Registered protocol family 10
[    4.295424] NET: Registered protocol family 17
[    4.302932] Key type dns_resolver registered
[    4.327183] registered taskstats version 1
[    4.338360] Loading compiled-in X.509 crtifcates
[    4.395086] Loaded X.509 cert 'Build time autogenerated kernel key: 20acc96b50ca7641011eace69d32209215a9b56f'
[    4.399265] zswap: loaded using pool zo/zbud

[    4.429277] Key type trusted registered
[    4.436261] Key type encrypted registered
[    4.439328] AppArmor: AppArmor sha1 policy hashing enabled
[    4.450329] ima: No TPM chip found, activating TPM-bypass!
[    4.452341] ima: Allocated hash algorithm: sha1
[    4.458354] evm: HMAC attrs: 0x1
[    4.463615]   Magic number: 6:882:525
[    4.467571] rtc_cmos rtc_cmos: setting system clock to 2018-10-19 09:32:55 UTC (1539941575)
[    4.475468] BIOS EDD facility v0.16 2004-Jun-25, 0 devices found
[    4.479800] EDD information not available.
[    4.483104] Freeing unused kernel memory: 1528K
[    5.045379] tsc: Refined TSC clocksource calibration: 1599.347 MHz
[    6.085600] clocksource: tsc: mask: 0xffffffffffffffff max_cycles: 0x170dbc23488, max_idle_ns: 440795245511 ns
[    6.117742] Write protecting the kernel read-only data: 14336k
[    6.123317] Freeing unused kernel memory: 1672K
[    6.127909] Freeing unused kernel memory: 92K
Loading, please wait...
starting version[    6.151010] random: systemd-udevd: uninitialized urandom read (16 bytes read, 7 bits of entropy available)
 229
[    6.152728] random: udevadm: uninitialized urandom read (16 bytes read, 7 bits of entropy available)
[    6.152756] random: udevadm: uninitialized urandom read (16 bytes read, 7 bits of entropy available)
[    6.161816] random: udevadm: uninitialized urandom read (16 bytes read, 7 bits of entropy available)
[    6.161864] random: udevadm: uninitialized urandom read (16 bytes read, 7 bits of entropy available)
[    6.162006] random: udevadm: uninitialized urandom read (16 bytes read, 7 bits of entropy available)
[    6.162057] random: udevadm: uninitialized urandom read (16 bytes read, 7 bits of entropy available)
[    6.162107] random: udevadm: uninitialized urandom read (16 bytes read, 7 bits of entropy available)
[    6.162160] random: udevadm: uninitialized urandom read (16 bytes read, 7 bits of entropy available)
[    6.162209] random: udevadm: uninitialized urandom read (16 bytes read, 7 bits of entropy available)
[    6.355123] e1000: Intel(R) PRO/1000 Network Driver - version 7.3.21-k8-NAPI
[    6.413438] e1000: Copyright (c) 1999-2006 Intel Corporation.
[    6.424103] Fusion MPT base driver 3.04.20
[    6.426405] Copyright (c) 1999-2008 LSI Corporation
[    6.454549] Fusion MPT SPI Host driver 3.04.20
[    6.465550] mptbase: ioc0: Initiating bringup
[    6.480994] AVX2 version of gcm_enc/dec engaged.
[    6.491375] AES CTR mode by8 optimization enabled
[    6.546039] ioc0: LSI53C1030 A0: Capabilities={Initiator}
[    6.736009] input: ImExPS/2 Generic Explorer Mouse as /devices/platform/i8042/serio1/input/input4
[    7.277429] scsi host2: ioc0: LSI53C1030 A0, FwRev=00000000h, Ports=1, MaxQ=256, IRQ=20
[    7.390465] scsi 2:0:0:0: Direct-Access     VBOX     HARDDISK         1.0  PQ: 0 ANSI: 5
[    7.411629] scsi target2:0:0: Beginning Domain Validation
[    7.440992] scsi target2:0:0: Domain Validation skipping write tests
[    7.443768] scsi target2:0:0: Ending Domain Validation
[    7.453497] scsi target2:0:0: asynchronous
[    7.457408] scsi 2:0:1:0: Direct-Access     VBOX     HARDDISK         1.0  PQ: 0 ANSI: 5
[    7.473985] scsi target2:0:1: Beginning Domain Validation
[    7.477873] scsi target2:0:1: Domain Validation skipping write tests
[    7.480493] scsi target2:0:1: Ending Domain Validation
[    7.483167] scsi target2:0:1: asynchronous
[    7.502386] sd 2:0:0:0: Attached scsi generic sg0 type 0
[    7.505066] sd 2:0:0:0: [sda] 20971520 512-byte logical blocks: (10.7 GB/10.0 GiB)
[    7.509170] sd 2:0:1:0: Attached scsi generic sg1 type 0
[    7.511635] sd 2:0:1:0: [sdb] 20480 512-byte logical blocks: (10.5 MB/10.0 MiB)
[    7.517257] sd 2:0:1:0: [sdb] Write Protect is off
[    7.519508] sd 2:0:0:0: [sda] Write Protect is off
[    7.532581] sd 2:0:1:0: [sdb] Incomplete mode parameter data
[    7.535235] sd 2:0:1:0: [sdb] Assuming drive cache: write through
[    7.544214] sd 2:0:0:0: [sda] Incomplete mode parameter data
[    7.546428] sd 2:0:0:0: [sda] Assuming drive cache: write through
[    7.554725]  sda: sda1
[    7.556990] sd 2:0:0:0: [sda] Attached SCSI disk
[    7.560126] sd 2:0:1:0: [sdb] Attached SCSI disk
[    7.874629] e1000 0000:00:03.0 eth0: (PCI:33MHz:32-bit) 02:28:89:27:00:51
[    7.877244] e1000 0000:00:03.0 eth0: Intel(R) PRO/1000 Network Connection
[    9.156250] e1000 0000:00:08.0 eth1: (PCI:33MHz:32-bit) 08:00:27:8a:c2:17
[    9.159222] e1000 0000:00:08.0 eth1: Intel(R) PRO/1000 Network Connection
[    9.165208] e1000 0000:00:03.0 enp0s3: renamed from eth0
[    9.182082] e1000 0000:00:08.0 enp0s8: renamed from eth1
Begin: Loading essential drivers ... [   10.635857] md: linear personality registered for level -1
[   10.646309] md: multipath personality registered for level -4
[   10.658020] md: raid0 personality registered for level 0
[   10.664610] md: raid1 personality registered for level 1
[   10.741477] raid6: sse2x1   gen()  8144 MB/s
[   10.833434] raid6: sse2x1   xor()  5996 MB/s
[   10.913742] raid6: sse2x2   gen() 10081 MB/s
[   10.997419] raid6: sse2x2   xor()  6526 MB/s
[   11.073440] raid6: sse2x4   gen() 11552 MB/s
[   11.153405] raid6: sse2x4   xor()  7791 MB/s
[   11.225458] raid6: avx2x1   gen() 15569 MB/s
[   11.305429] raid6: avx2x2   gen() 18298 MB/s
[   11.385285] raid6: avx2x4   gen() 20318 MB/s
[   11.390345] raid6: using algorithm avx2x4 gen() 20318 MB/s
[   11.392506] raid6: using avx2x2 recovery algorithm
[   11.400112] xor: automatically using best checksumming function:
[   11.442852]    avx       : 34326.000 MB/sec
[   11.448343] async_tx: api initialized (async)
[   11.461661] md: raid6 personality registered for level 6
[   11.467493] md: raid5 personality registered for level 5
[   11.472714] md: raid4 personality registered for level 4
[   11.489989] md: raid10 personality registered for level 10
done.
Begin: Running /scripts/init-premount ... done.
Begin: Mounting root file system ... Begin: Running /scripts/local-top ... done.
Begin: Running /scripts/local-premount ... [   11.553801] Btrfs loaded
Scanning for Btrfs filesystems
done.
Warning: fsck not present, so skipping root file system
[   11.651433] EXT4-fs (sda1): mounted filesystem with ordered data mode. Opts: (null)
done.
Begin: Running /scripts/local-bottom ... done.
Begin: Running /scripts/init-bottom ... done.
[   12.109717] systemd[1]: systemd 229 running in system mode. (+PAM +AUDIT +SELINUX +IMA +APPARMOR +SMACK +SYSVINIT +UTMP +LIBCRYPTSETUP +GCRYPT +GNUTLS +ACL +XZ -LZ4 +SECCOMP +BLKID +ELFUTILS +KMOD -IDN)
[   12.124499] systemd[1]: Detected virtualization oracle.
[   12.126671] systemd[1]: Detected architecture x86-64.

Welcome to [1mUbuntu 16.04.5 LTS[0m!

[   12.148919] systemd[1]: Set hostname to <ubuntu>.
[   12.156752] systemd[1]: Initializing machine ID from random generator.
[   12.159420] systemd[1]: Installed transient /etc/machine-id file.
[   12.901348] systemd[1]: Listening on Device-mapper event daemon FIFOs.
[[0;32m  OK  [0m] Listening on Device-mapper event daemon FIFOs.
[   12.911903] systemd[1]: Reached target User and Group Name Lookups.
[[0;32m  OK  [0m] Reached target User and Group Name Lookups.
[   12.936811] systemd[1]: Listening on Syslog Socket.
[[0;32m  OK  [0m] Listening on Syslog Socket.
[   12.947028] systemd[1]: Listening on Journal Audit Socket.
[[0;32m  OK  [0m] Listening on Journal Audit Socket.
[   12.975238] systemd[1]: Listening on Journal Socket (/dev/og).

[[0;32m  OK  [0m] Listening on Journal Socket (/dev/log).
[   13.014371] systemd[1]: Started Forward Password Requests to Wall Directory Watch.
[[0;32m  OK  [0m] Started Forward Password Requests to Wall Directory Watch.
[   13.045973] systemd[1]: Started Trigger resolvconf update for networkd DNS.
[[0;32m  OK  [0m] Started Trigger resolvconf update for networkd DNS.
[  13.074808] systemd[1]: Listening on LVM2 poll daemon socket.
[[0;32m  OK  [0m] Listening on LVM2 poll daemon socket.
[   13.129481] systemd[1]: Listening on LVM2 metadata daemon socket.
[[0;32m  OK  [0m] Listening on LVM2 metadata daemon socket.
[   13.154212] systemd[1]: Set up automount rbitrary Executable File Formats File System Automount Pont.

[[0;32m  OK  [0m] Set up automount Arbitrary Executab...ats File System Automount Point.
[   13.249854] systemd[1]: Listening on /dev/initctl Compatibility Named Pipe.
[[0;32m  OK  [0m] Listening on /dev/initctl Compatibility Named Pipe.
[   13.286744] systemd[1]: Created slice System Slice.
[[0;32m  OK  [0m] Created slice System Slice.
[   13.302146] systemd[1]: Reached target Swap.
[[0;32m  OK  [0m] Reached target Swap.
[   13.319110] systemd[1]: Listening on udev Kernel Socket.
[[0;32m  OK  [0m] Listening on udev Kernel Socket.
[   13.327581] systemd[1]: Listening on udev Control Socket.
[[0;32m  OK  [0m] Listening on udev Control Socket.
[   13.346740] systemd[1]: Created slice system-serial\x2dgetty.slice.
[[0;32m  OK  [0m] Created slice system-serial\x2dgetty.slice.
[  13.382669] systemd[1]: Created slic Uer and Session Slice.

[[0;32m  OK  [0m] Created slice User and Session Slice.
[   13.478799] systemd[]: Reached target Slices.

[[0;32m  OK  [0m] Reached target Slices.
[   13.521974] sysemd[1]: Listening on Journal Socket.

[[0;32m  OK  [0m] Listening on Journal Socket.
[   13.589995] systemd[1]: Starting Load Kernel Modules...
         Starting Load Kernel Modules...
[   13.620416] Loading iSCSI transport class v2.0-870.
[   13.636142] systemd[1]: Starting Set console keymap...
         Starting Set console keymap...
[   13.641639] iscsi: registered transport (tcp)
[   13.642684] systemd[1]: Starting Journal Service...
         Starting Journal Service...
[   13.678408] systemd[1]: Mounting Huge Pages File System...
         Mounting Huge Pages File System...
[   13.693229] systemd[1]: Mounting Debug File System...
         Mounting Debug File System...
[   13.701003] systemd[1]: Starting Uncomplicated firewall...
         Starting Uncomplicated firewall...
[   13.706853] random: nonblocking pool is initialized
[   13.714073] systemd[1]: Starting Create list of required static device nodes for the current kernel...
         Starting Create list of required st... nodes for the current kernel...
[   13.734605] systemd[1]: Starting Remount Root and Kernel File Systems...
         Starting Remount Root and Kernel File Systems...
[   13.742308] systemd[1]: Starting Monitoring of LVM2 mirrors, snapshots etc. using dmeventd or progress polling...
         Starting Monitoring of LVM2 mirrors... dmeventd or progress polling...
[   13.755916] systemd[1]: Starting Nameserver information manager...
[   13.757365] EXT4-fs (sda1): re-mounted. Opts: (null)
         Starting Nameserver information manager...
[   13.766773] systemd[1]: Reached target Encrypted Volumes.
[   13.769559] iscsi: registered transport (iser)
[[0;32m  OK  [0m] Reached target Encrypted Volumes.
[   13.774465] systemd[1]: Mounting POSIX Message Queue File System...
         Mounting POSIX Message Queue File System...
[   13.798737] systemd[1]: Reached target System Time Synchronized.
[[0;32m  OK  [0m] Reached target System Time Synchronized.
[   13.847055] systemd[1]: Mounted Debug File System.
[[0;32m  OK  [0m] Mounted Debug File System.
[   13.857221] systemd[1]: Mounted POSIX Message Queue File System.
[[0;32m  OK  [0m] Mounted POSIX Message Queue File System.
[   13.874326] systemd[1]: Mounted Huge Pages File System.
[[0;32m  OK  [0m] Mounted Huge Pages File System.
[   13.890058] systemd[1]: Started Journal Service.
[[0;32m  OK  [0m] Started Journal Service.
[[0;32m  OK  [0m] Started Load Kernel Modules.
[[0;32m  OK  [0m] Started Set console keymap.
[[0;32m  OK  [0m] Started Uncomplicated firewall.
[[0;32m  OK  [0m] Started Create list of required sta...ce nodes for the current kernel.
[[0;32m  OK  [0m] Started Remount Root and Kernel File Systems.
[[0;32m  OK  [0m] Started Nameserver information manager.
[[0;32m  OK  [0m] Started LVM2 metadata daemon.
         Starting Load/Save Random Seed...
         Starting udev Coldplug all Devices...
         Starting Create Static Device Nodes in /dev...
         Starting Apply Kernel Variables...
         Mounting FUSE Control File System...
         Starting Flush Journal to Persistent Storage...
[[0;32m  OK  [0m] Mounted FUSE Control File System.
[[0;32m  OK  [0m] Started Load/Save Random Seed.
[[0;32m  OK  [0m] Started Create Static Device Nodes in /dev.
[[0;32m  OK  [0m] Started Apply Kernel Variables.
[[0;32m  OK  [0m] Started Monitoring of LVM2 mirrors,...ng dmeventd or progress polling.
[[0;32m  OK  [0m] Started udev Coldplug all Devices.
[[0;32m  OK  [0m] Started Flush Journal to Persistent Storage.
         Starting udev Kernel Device Manager...
[[0;32m  OK  [0m] Started udev Kernel Device Manager.
[[0;32m  OK  [0m] Started Dispatch Password Requests to Console Directory Watch.
[[0;32m  OK  [0m] Reached target Local File Systems (Pre).
[[0;32m  OK  [0m] Reached target Local File Systems.
         Starting Initial cloud-init job (pre-networking)...
         Starting Tell Plymouth To Write Out Runtime Data...
         Starting LSB: AppArmor initialization...
         Starting Set console font and keymap...
         Starting Create Volatile Files and Directories...
         Starting Commit a transient machine-id on disk...
[[0;32m  OK  [0m] Started Tell Plymouth To Write Out Runtime Data.
[[0;32m  OK  [0m] Started Create Volatile Files and Directories.
[[0;32m  OK  [0m] Started Commit a transient machine-id on disk.
[[0;32m  OK  [0m] Found device /dev/ttyS0.
[[0;32m  OK  [0m] Listening on Load/Save RF Kill Switch Status /dev/rfkill Watch.
         Starting Update UTMP about System Boot/Shutdown...
[[0;32m  OK  [0m] Started Update UTMP about System Boot/Shutdown.
[[0;32m  OK  [0m] Started LSB: AppArmor initialization.
[[0;32m  OK  [0m] Started Set console font and keymap.
[[0;32m  OK  [0m] Created slice system-getty.slice.
[   15.158115] cloud-init[492]: Cloud-init v. 18.3-9-g2e62cb8a-0ubuntu1~16.04.2 running 'init-local' at Fri, 19 Oct 2018 09:33:07 +0000. Up 14.62 seconds.
[[0;32m  OK  [0m] Started Initial cloud-init job (pre-networking).
[[0;32m  OK  [0m] Reached target Network (Pre).
         Starting Raise network interfaces...
[[0;32m  OK  [0m] Started Raise network interfaces.
[[0;32m  OK  [0m] Reached target Network.
         Starting Initial cloud-init job (metadata service crawler)...
[   16.990686] cloud-init[941]: Cloud-init v. 18.3-9-g2e62cb8a-0ubuntu1~16.04.2 running 'init' at Fri, 19 Oct 2018 09:33:09 +0000. Up 15.95 seconds.
[   17.001988] cloud-init[941]: ci-info: +++++++++++++++++++++++++++++++++++++Net device info++++++++++++++++++++++++++++++++++++++
[   17.016182] cloud-init[941]: ci-info: +--------+-------+--------------------------+---------------+--------+-------------------+
[   17.043234] cloud-init[941]: ci-info: | Device |   Up  |         Address          |      Mask     | Scope  |     Hw-Address    |
[   17.052225] cloud-init[941]: ci-info: +--------+-------+--------------------------+---------------+--------+-------------------+
[   17.057420] cloud-init[941]: ci-info: | enp0s3 |  True |        10.0.2.15         | 255.255.255.0 | global | 02:28:89:27:00:51 |
[   17.064161] cloud-init[941]: ci-info: | enp0s3 |  True | fe80::28:89ff:fe27:51/64 |       .       |  link  | 02:28:89:27:00:51 |
[[0;32m  OK  [0m[   17.093297] ] cloud-initStarted Initial cloud-init job (metadata service crawler).[941]: 
ci-info: | enp0s8 | False |            .             |       .       |   .    | 08:00:27:8a:c2:17 |
[   17.136296] cloud-init[941]: ci-info: |   lo   |  True |        127.0.0.1         |   255.0.0.0   |  host  |         .         |
[   17.137179] cloud-init[[941]: [0;32m  OK  [0mci-info: |   lo   |  True |         ::1/128          |       .       |  host  |         .         |] 
Reached target Cloud-config availability.
[   17.140410] cloud-init[941]: ci-info: +--------+-------+--------------------------+---------------+--------+-------------------+
[[0;32m  OK  [0m] Reached target System Initialization.
[   17.220333] cloud-init[941]: ci-info: +++++++++++++++++++++++++++Route IPv4 info++++++++++++++++++++++++++++
[   17.313227] cloud-init[941]: ci-info: +-------+-------------+----------+---------------+-----------+-------+
[   17.314290] [[0;32m  OK  [0m] Started ACPI Events Check.
cloud-init[941]: ci-info: | Route | Destination | Gateway  |    Genmask    | Interface | Flags |
[[   17.343555] cloud-init[941]: ci-info: +-------+-------------+----------+---------------+-----------+-------+
[   17.344835] cloud-init[0;32m  OK  [0m[941]: ] ci-info: |   0   |   0.0.0.0   | 10.0.2.2 |    0.0.0.0    |   enp0s3  |   UG  |Reached target Paths.

[[   17.348117] cloud-init[941]: ci-info: |   1   |   10.0.2.0  | 0.0.0.0  | 255.255.255.0 |   enp0s3  |   U   |
[   17.434997] cloud-init[941]: ci-info: +-------+-------------+----------+---------------+-----------+-------+
[   17.435435] cloud-init[0;32m  OK  [0m[941]: ] ci-info: +++++++++++++++++++Route IPv6 info+++++++++++++++++++Listening on D-Bus System Message Bus Socket.

[   17.438043] cloud-init[941]: ci-info: +-------+-------------+---------+-----------+-------+
[   17.521392] cloud-init[941]: ci-info: | Route | Destination | Gateway | Interface | Flags |
[   17.522264] cloud-init[941]: ci-info: +-------+-------------+---------+-----------+-------+
         Starting Socket activation for snappy daemon.
[   17.523891] cloud-init[941]: ci-info: |   0   |  fe80::/64  |    ::   |   enp0s3  |   U   |
         Starting LXD - unix socket.
[   17.560594] cloud-init[941]: ci-info: |   3   |   ff00::/8  |    ::   |   enp0s3  |   U   |
[   17.582107] cloud-init[941]: ci-info: +-------+-------------+---------+-----------+-------+
[   17.583749] cloud-init[941]: Generating public/private rsa key pair.
[[0;32m  OK  [0m] Started Daily apt download activities.
[   17.584514] cloud-init[941]: Your identification has been saved in /etc/ssh/ssh_host_rsa_key.
[   17.603138] cloud-init[941]: Your public key has been saved in /etc/ssh/ssh_host_rsa_key.pub.
[[0;32m  OK  [0m] Started Daily apt upgrade and clean activities.
[   17.603899] cloud-init[941]: The key fingerprint is:
[[0;32m  OK  [0m] Listening on UUID daemon activation socket.
[   17.653755] cloud-init[941]: SHA256:BuJO8nEOn1RKMagnzlRbWv78svm+8vLAGRd1je9al2g root@ubuntu-xenial
[   17.655154] cloud-init[[941]: [0;32m  OK  [0mThe key's randomart image is:] Started Daily Cleanup of Temporary Directories.

[[   17.687394] cloud-init[941]: +---[RSA 2048]----+
[   17.688798] cloud-init[941]: |     .o     . .o |
[0;32m  OK  [0m] Listening on ACPID Listen Socket.
[[   17.690712] cloud-init[941]: |    o oo   . .. .|
[   17.734803] cloud-init[941]: |   o.*o . .    . |
[   17.737615] cloud-init[941]: |  +.+o.+   .    .|
[0;32m  OK  [0m] Reached target Timers.
[   17.738937] cloud-init[941]: | +.o= +oS .   ...|
[   17.777968] [cloud-init[0;32m  OK  [0m[941]: ] |  o= B +o+   E .+|Reached target Network is Online.

[   17.779662] cloud-init[941]: |    o + +.  .  o.|
[   17.841135] cloud-init[941]: |        +o.   .  |
[   17.843719] cloud-init[941]: |        oX*.     |
[   17.849493] cloud-init[941]: +----[SHA256]-----+
[   17.855107] cloud-init[941]: Generating public/private dsa key pair.
[   17.855873] cloud-init[941]: Your identification has been saved in /etc/ssh/ssh_host_dsa_key.
[   17.858998] cloud-init[941]: Your public key has been saved in /etc/ssh/ssh_host_dsa_key.pub.
         Starting iSCSI initiator daemon (iscsid)...
[   17.862098] cloud-init[941]: The key fingerprint is:
[   17.929288] cloud-init[941]: SHA256:FTeyNBRSm0GisBwroHb9kUivnLsunpV+4MsraArgWR8 root@ubuntu-xenial
[   17.930233] cloud-init[941]: The key's randomart image is:
[[0;32m  OK  [0m] Listening on Socket activation for snappy daemon.
[   17.931993] cloud-init[941]: +---[DSA 1024]----+
[   18.006724] cloud-init[941]: |.   o.  o+@.o    |
[[0;32m  OK  [0m] Listening on LXD - unix socket.
[   18.008591] cloud-init[941]: |.. .o=o..+ X .   |
[   18.061246] cloud-init[941]: |....+o.+  =      |
[   18.069718] cloud-init[941]: |. ... + ..       |
[   18.072470] cloud-init[941]: |.  . E .S        |
[   18.080059] cloud-init[941]: |o o ..+          |
[   18.082692] cloud-init[941]: |.o. .=.          |
[   18.083256] cloud-init[941]: |.o o=...         |
[   18.085802] cloud-init[941]: |+ .o+B+          |
[   18.087070] cloud-init[941]: +----[SHA256]-----+
[[0;32m  OK  [0m] Started iSCSI initiator daemon (iscsid).
[   18.088644] cloud-init[941]: Generating public/private ecdsa key pair.
[   18.123049] cloud-init[941]: Your identification has been saved in /etc/ssh/ssh_host_ecdsa_key.
[   18.145418] cloud-init[941]: Your public key has been saved in /etc/ssh/ssh_host_ecdsa_key.pub.
[   18.153462] cloud-init[941]: The key fingerprint is:
[   18.154013] cloud-init[941]: SHA256:w66f9y1QCiv/XmQd/FD2htulckxGxsEZsIfYJA4VAi8 root@ubuntu-xenial
         Starting Login to default iSCSI targets...
[[   18.156152] cloud-init[941]: The key's randomart image is:
[0;32m  OK  [0m] Reached target Sockets.
[   18.226507] cloud-init[941]: +---[ECDSA 256]---+
[   18.249359] cloud-init[941]: |      ..o.+.o+=+o|
[   18.250231] cloud-init[941]: |       . + = *++.|
[[0;32m  OK  [0m] Reached target Basic System.
[   18.252141] cloud-init[941]: |      E . o + O +|
         Starting LSB: Record successful boot for GRUB...[   18.267039] cloud-init[941]: |       o.   .* O.|
[   18.269699] cloud-init[941]: |        So o+ * o|

[   18.270997] cloud-init[941]: |      ....oo o   |
         Starting LSB: MD monitoring daemon...
[[0;32m  OK  [0m] Started Unattended Upgrades Shutdown.
[   18.328027] cloud-init[941]: |       o.  ..    |
[   18.380428] cloud-init[941]: |       .......   |
[   18.386954] cloud-init[941]: |      ..o+o....  |
         Starting Snappy daemon...
[   18.388869] cloud-init[941]: +----[SHA256]-----+
[   18.416533]          Starting Login Service...
         Starting Virtualbox guest utils...
         Starting System Logging Service...
[[0;32m  OK  [0m] Started FUSE filesystem for LXC.
[[0;32m  OK  [0m] Started D-Bus System Message Bus.
cloud-init[941]: Generating public/private ed25519 key pair.
[   18.440988] cloud-init[941]: Your identification has been saved in /etc/ssh/ssh_host_ed25519_key.
[   18.450037] cloud-init[941]: Your public key has been saved in /etc/ssh/ssh_host_ed25519_key.pub.
[   18.454479] cloud-init[941]: The key fingerprint is:
[   18.467490] cloud-init[941]: SHA256:XEX4hSdKBkpe5dMdGmDSrRQEJ9i+Uiw9byA5Prb5Bj0 root@ubuntu-xenial
[   18.480350] cloud-init[941]: The key's randomart image is:
[   18.485137] cloud-init[941]: +--[ED25519 256]--+
[   18.492013] cloud-init[941]: |      .o**B*+..  |
[   18.501165] cloud-init[941]: |     o.o.**o++o. |
[   18.513304] cloud-init[941]: |      o= +++o+.  |
[   18.522811] cloud-init[941]: |      =.B.o..    |
[   18.532840] cloud-init[941]: |     . *S=       |
[   18.548692] cloud-init[941]: |      * E o      |
[   18.553770] cloud-init[941]: |     . * o       |
[   18.561286] cloud-init[941]: |      o .        |
[   18.581552]          Starting /etc/rc.local Compatibility...
cloud-init[[0;32m  OK  [0m] Started Deferred execution scheduler.
[941]: |       o.        |
[   18.604844]          Starting Accounts Service...
         Starting LXD - container startup/shutdown...
cloud-init[941]: +----[SHA256]-----+
         Starting Pollinate to seed the pseudo random number generator...
[[0;32m  OK  [0m] Started ACPI event daemon.
[[0;32m  OK  [0m] Started Regular background program processing daemon.
[[0;32m  OK  [0m] Started System Logging Service.
[[0;32m  OK  [0m] Started /etc/rc.local Compatibility.
[[0;32m  OK  [0m] Started Login to default iSCSI targets.
[[0;32m  OK  [0m] Started LSB: Record successful boot for GRUB.
[[0;32m  OK  [0m] Started LSB: MD monitoring daemon.
[[0;32m  OK  [0m] Started Login Service.
         Starting Authenticate and Authorize Users to Run Privileged Tasks...
[[0;32m  OK  [0m] Reached target Remote File Systems (Pre).
[[0;32m  OK  [0m] Reached target Remote File Systems.
         Starting LSB: automatic crash report generation...
         Starting Permit User Sessions...
         Starting LSB: daemon to balance interrupts for SMP systems...
         Starting LSB: Set the CPU Frequency Scaling governor to "ondemand"...
[[0;32m  OK  [0m] Started Snappy daemon.
[[0;32m  OK  [0m] Started Virtualbox guest utils.
[[0;32m  OK  [0m] Started LXD - container startup/shutdown.
[[0;32m  OK  [0m] Started Permit User Sessions.
[[0;32m  OK  [0m] Started Authenticate and Authorize Users to Run Privileged Tasks.
[[0;32m  OK  [0m] Started Accounts Service.
         Starting Hold until boot process finishes up...
         Starting Terminate Plymouth Boot Screen...
         Starting Wait until snapd is fully seeded...
[[0;32m  OK  [0m] Started LSB: automatic crash report generation.
[[0;32m  OK  [0m] Started LSB: daemon to balance interrupts for SMP systems.
[[0;32m  OK  [0m] Started Pollinate to seed the pseudo random number generator.
[[0;32m  OK  [0m] Started LSB: Set the CPU Frequency Scaling governor to "ondemand".
[[0;32m  OK  [0m] Started Hold until boot process finishes up.
[[0;32m  OK  [0m] Started Terminate Plymouth Boot Screen.
[[0;32m  OK  [0m] Started Getty on tty1.
[[0;32m  OK  [0m] Started Serial Getty on ttyS0.
[[0;32m  OK  [0m] Reached target Login Prompts.
         Starting Set console scheme...
         Starting OpenBSD Secure Shell server...
[[0;32m  OK  [0m] Started Set console scheme.
[[0;32m  OK  [0m] Started OpenBSD Secure Shell server.
[[0;32m  OK  [0m] Started Wait until snapd is fully seeded.
[[0;32m  OK  [0m] Reached target Multi-User System.
[[0;32m  OK  [0m] Reached target Graphical Interface.
         Starting Update UTMP about System Runlevel Changes...
         Starting Apply the settings specified in cloud-config...
[[0;32m  OK  [0m] Started Update UTMP about System Runlevel Changes.
[   20.459232] cloud-init[1265]: Generating locales (this might take a while)...
[   21.465816] cloud-init[1265]:   en_US.UTF-8... done
[   21.489244] cloud-init[1265]: Generation complete.
[[0;32m  OK  [0m] Created slice User Slice of vagrant.
         Starting User Manager for UID 1000...
[[0;32m  OK  [0m] Started Session 1 of user vagrant.
[[0;32m  OK  [0m] Started User Manager for UID 1000.
[   22.413609] cloud-init[1265]: Cloud-init v. 18.3-9-g2e62cb8a-0ubuntu1~16.04.2 running 'modules:config' at Fri, 19 Oct 2018 09:33:13 +0000. Up 20.27 seconds.
[[0;32m  OK  [0m] Started Apply the settings specified in cloud-config.
         Starting Execute cloud user/final scripts...
ci-info: no authorized ssh keys fingerprints found for user ubuntu.
<14>Oct 19 09:33:16 ec2: 
<14>Oct 19 09:33:16 ec2: #############################################################
<14>Oct 19 09:33:16 ec2: -----BEGIN SSH HOST KEY FINGERPRINTS-----
<14>Oct 19 09:33:16 ec2: 1024 SHA256:FTeyNBRSm0GisBwroHb9kUivnLsunpV+4MsraArgWR8 root@ubuntu-xenial (DSA)
<14>Oct 19 09:33:16 ec2: 256 SHA256:w66f9y1QCiv/XmQd/FD2htulckxGxsEZsIfYJA4VAi8 root@ubuntu-xenial (ECDSA)
<14>Oct 19 09:33:16 ec2: 256 SHA256:XEX4hSdKBkpe5dMdGmDSrRQEJ9i+Uiw9byA5Prb5Bj0 root@ubuntu-xenial (ED25519)
<14>Oct 19 09:33:16 ec2: 2048 SHA256:BuJO8nEOn1RKMagnzlRbWv78svm+8vLAGRd1je9al2g root@ubuntu-xenial (RSA)
<14>Oct 19 09:33:16 ec2: -----END SSH HOST KEY FINGERPRINTS-----
<14>Oct 19 09:33:16 ec2: #############################################################
-----BEGIN SSH HOST KEY KEYS-----
ecdsa-sha2-nistp256 AAAAE2VjZHNhLXNoYTItbmlzdHAyNTYAAAAIbmlzdHAyNTYAAABBBMRQv1P0+BGenYah9LKQs0oEOXwBECtV7wFct9IvEgwdbLfVHZtbrssrIaj3ngggOAD9HBok49h9pNTVYEiQ7R4= root@ubuntu-xenial
ssh-ed25519 AAAAC3NzaC1lZDI1NTE5AAAAILGIZFDrxGGm3mR8xE194xx6Pnx5dg1IUUoYhxwa7/1k root@ubuntu-xenial
ssh-rsa AAAAB3NzaC1yc2EAAAADAQABAAABAQC1UMGc7F/ylHLvpQVmkZJP3/KxGLMgiKSAeUWC6LmQEUI05poGDDA152mqy4RS6YVlgsyGqV+OYniaT4gGTCY6RncF0fcgLnFJkeWVLxeANrLlxWntpnICIez7gjc/6K0+ZwaEyJTO7mKwZkXMi7F/7JPfj5BE8LkUIhmjXzmbGA9kOtjNXnAd5QtTYdM82j4AtLkbrWd0Cz5dIIT/rEMMbp8So3xoZ6tUCWGKkTG8Q0WDJpF8f5VGkuh8ZVjmBnN81ccsikKAxtbMdhKwgcgQQ99rCXc8gRI/xJ/f6BPKml63WE4KpnMsBng9WTgK5q0C256ayHr8P7CFj0sOdZpj root@ubuntu-xenial
-----END SSH HOST KEY KEYS-----
[   23.569396] cloud-init[1360]: Cloud-init v. 18.3-9-g2e62cb8a-0ubuntu1~16.04.2 running 'modules:final' at Fri, 19 Oct 2018 09:33:16 +0000. Up 23.09 seconds.
[   23.596218] cloud-init[1360]: ci-info: no authorized ssh keys fingerprints found for user ubuntu.
[   23.632432] cloud-init[1360]: Cloud-init v. 18.3-9-g2e62cb8a-0ubuntu1~16.04.2 finished at Fri, 19 Oct 2018 09:33:16 +0000. Datasource DataSourceNoCloud [seed=/dev/sdb][dsmode=net].  Up 23.54 seconds[[0;32m  OK  [0m] Started Execute cloud user/f

Ubuntu 16.04.5 LTS ubuntu-xenial ttyS0

ubuntu-xenial login: 